
Memory Configuration

Name             Origin             Length             Attributes
flash            0x08000000         0x00020000         xr
sram             0x20000000         0x00005000         xrw
*default*        0x00000000         0xffffffff

Linker script and memory map


.text           0x08000000      0x133
 *(.vectors*)
 .vectors       0x08000000       0x18 startup.o
                0x08000000                vectors
 *(.text*)
 .text          0x08000018       0x80 main.o
                0x08000018                main
 .text          0x08000098       0x98 startup.o
                0x08000098                NMI_Handler
                0x08000098                UsageFault_Handler
                0x08000098                MMFault_Handler
                0x08000098                Default_Handler
                0x08000098                BusFault_Handler
                0x08000098                HardFault_Handler
                0x080000a4                Reset_Handler
 *(.rodata)
 .rodata        0x08000130        0x3 main.o
                0x08000130                c_variables
                0x08000133                _E_TEXT = .

.glue_7         0x08000134        0x0
 .glue_7        0x08000134        0x0 linker stubs

.glue_7t        0x08000134        0x0
 .glue_7t       0x08000134        0x0 linker stubs

.vfp11_veneer   0x08000134        0x0
 .vfp11_veneer  0x08000134        0x0 linker stubs

.v4_bx          0x08000134        0x0
 .v4_bx         0x08000134        0x0 linker stubs

.iplt           0x08000134        0x0
 .iplt          0x08000134        0x0 main.o

.rel.dyn        0x08000134        0x0
 .rel.iplt      0x08000134        0x0 main.o

.data           0x20000000        0x4 load address 0x08000133
                0x20000000                _S_DATA = .
 *(.data)
 .data          0x20000000        0x3 main.o
                0x20000000                g_variables
 .data          0x20000003        0x0 startup.o
                0x20000004                . = ALIGN (0x4)
 *fill*         0x20000003        0x1 
                0x20000004                _E_DATA = .

.igot.plt       0x20000004        0x0 load address 0x08000137
 .igot.plt      0x20000004        0x0 main.o

.bss            0x20000004     0x1000 load address 0x08000137
                0x20000004                _S_bss = .
 *(.bss)
 .bss           0x20000004        0x0 main.o
 .bss           0x20000004        0x0 startup.o
                0x20000004                _E_bss = .
                0x20000004                . = ALIGN (0x4)
                0x20001004                . = (. + 0x1000)
 *fill*         0x20000004     0x1000 
                0x20001004                _stack_top = .
LOAD main.o
LOAD startup.o
OUTPUT(learn-in-depth-cortex-M3.elf elf32-littlearm)

.debug_info     0x00000000      0x27c
 .debug_info    0x00000000      0x106 main.o
 .debug_info    0x00000106      0x176 startup.o

.debug_abbrev   0x00000000      0x15e
 .debug_abbrev  0x00000000       0x9a main.o
 .debug_abbrev  0x0000009a       0xc4 startup.o

.debug_loc      0x00000000       0xb4
 .debug_loc     0x00000000       0x38 main.o
 .debug_loc     0x00000038       0x7c startup.o

.debug_aranges  0x00000000       0x40
 .debug_aranges
                0x00000000       0x20 main.o
 .debug_aranges
                0x00000020       0x20 startup.o

.debug_line     0x00000000      0x1a8
 .debug_line    0x00000000       0x6b main.o
 .debug_line    0x0000006b      0x13d startup.o

.debug_str      0x00000000      0x1ac
 .debug_str     0x00000000      0x122 main.o
                                0x144 (size before relaxing)
 .debug_str     0x00000122       0x8a startup.o
                                0x1b6 (size before relaxing)

.comment        0x00000000       0x7e
 .comment       0x00000000       0x7e main.o
                                 0x7f (size before relaxing)
 .comment       0x0000007e       0x7f startup.o

.ARM.attributes
                0x00000000       0x33
 .ARM.attributes
                0x00000000       0x33 main.o
 .ARM.attributes
                0x00000033       0x33 startup.o

.debug_frame    0x00000000       0x7c
 .debug_frame   0x00000000       0x2c main.o
 .debug_frame   0x0000002c       0x50 startup.o
