
Memory Configuration

Name             Origin             Length             Attributes
flash            0x00000000         0x20000000         xr
sram             0x20000000         0x20000000         xrw
*default*        0x00000000         0xffffffff

Linker script and memory map


.text           0x00000000      0x138
 *(.vectors*)
 .vectors       0x00000000       0x10 startup.o
                0x00000000                vectores
 *(.text*)
 .text          0x00000010       0x90 main.o
                0x00000010                main
 .text          0x000000a0       0x98 startup.o
                0x000000a0                NMI_Handler
                0x000000a0                Default_Handler
                0x000000a0                HardFault_Handler
                0x000000ac                Reset_Handler
 *(.rodata)
                0x00000138                _E_TEXT = .

.glue_7         0x00000138        0x0
 .glue_7        0x00000138        0x0 linker stubs

.glue_7t        0x00000138        0x0
 .glue_7t       0x00000138        0x0 linker stubs

.vfp11_veneer   0x00000138        0x0
 .vfp11_veneer  0x00000138        0x0 linker stubs

.v4_bx          0x00000138        0x0
 .v4_bx         0x00000138        0x0 linker stubs

.iplt           0x00000138        0x0
 .iplt          0x00000138        0x0 main.o

.rel.dyn        0x00000138        0x0
 .rel.iplt      0x00000138        0x0 main.o

.data           0x00000138        0x0
                0x00000138                _S_DATA = .
 *(.data)
 .data          0x00000138        0x0 main.o
 .data          0x00000138        0x0 startup.o
                0x00000138                . = ALIGN (0x4)
                0x00000138                _E_DATA = .

.igot.plt       0x00000138        0x0
 .igot.plt      0x00000138        0x0 main.o

.bss            0x20000000      0x400
                0x20000000                _S_bss = .
 *(.bss)
 .bss           0x20000000        0x0 main.o
 .bss           0x20000000      0x400 startup.o
                0x20000400                _E_bss = .
                0x20000400                . = ALIGN (0x4)
LOAD main.o
LOAD startup.o
OUTPUT(learn-in-depth-cortex-M4.elf elf32-littlearm)

.debug_info     0x00000000      0x213
 .debug_info    0x00000000       0x65 main.o
 .debug_info    0x00000065      0x1ae startup.o

.debug_abbrev   0x00000000      0x131
 .debug_abbrev  0x00000000       0x5a main.o
 .debug_abbrev  0x0000005a       0xd7 startup.o

.debug_loc      0x00000000       0xb4
 .debug_loc     0x00000000       0x38 main.o
 .debug_loc     0x00000038       0x7c startup.o

.debug_aranges  0x00000000       0x40
 .debug_aranges
                0x00000000       0x20 main.o
 .debug_aranges
                0x00000020       0x20 startup.o

.debug_line     0x00000000      0x1a1
 .debug_line    0x00000000       0x64 main.o
 .debug_line    0x00000064      0x13d startup.o

.debug_str      0x00000000      0x197
 .debug_str     0x00000000       0xb2 main.o
                                 0xc4 (size before relaxing)
 .debug_str     0x000000b2       0xe5 startup.o
                                0x1c4 (size before relaxing)

.comment        0x00000000       0x7e
 .comment       0x00000000       0x7e main.o
                                 0x7f (size before relaxing)
 .comment       0x0000007e       0x7f startup.o

.ARM.attributes
                0x00000000       0x33
 .ARM.attributes
                0x00000000       0x33 main.o
 .ARM.attributes
                0x00000033       0x33 startup.o

.debug_frame    0x00000000       0x7c
 .debug_frame   0x00000000       0x2c main.o
 .debug_frame   0x0000002c       0x50 startup.o
